// Jest Snapshot v1, https://goo.gl/fbAQLP

exports[`# AllRecipes should render successfully 1`] = `
ShallowWrapper {
  "length": 1,
  Symbol(enzyme.__root__): [Circular],
  Symbol(enzyme.__unrendered__): <AllRecipes
    addRecipe={[Function]}
    allRecipes={
      [MockFunction] {
        "calls": Array [
          Array [
            1,
          ],
        ],
      }
    }
    categories={Array []}
    history={
      Object {
        "push": [Function],
      }
    }
    pagination={1}
    recipeCategories={
      [MockFunction] {
        "calls": Array [
          Array [],
        ],
      }
    }
    recipes={Array []}
    user={
      Object {
        "firstName": "Seun",
        "lastName": "Agbeye",
      }
    }
  />,
  Symbol(enzyme.__renderer__): Object {
    "batchedUpdates": [Function],
    "getNode": [Function],
    "render": [Function],
    "simulateEvent": [Function],
    "unmount": [Function],
  },
  Symbol(enzyme.__node__): Object {
    "instance": null,
    "key": undefined,
    "nodeType": "host",
    "props": Object {
      "children": Array [
        <main
          style={
            Object {
              "marginTop": 40,
            }
          }
        >
          <div
            className="container"
          >
            <Connect(CategoryButton) />
          </div>
          <div
            className="container"
          >
            <div
              style={
                Object {
                  "marginTop": 100,
                  "textAlign": "center",
                }
              }
            >
              <h4
                className="container__myrecipes"
              >
                All Recipes
              </h4>
              <br />
              <br />
              <RecipeModal
                addRecipe={[Function]}
                recipeCategories={Array []}
              />
            </div>
            <div
              className="row"
            >
              <Exclamation>
                <p
                  className="text-muted text-center"
                >
                  Sorry no recipe has been added yet, please add to get started
                </p>
              </Exclamation>
            </div>
          </div>
        </main>,
        <Pagination
          recipesCount={1}
          recipesPagination={[Function]}
        />,
      ],
    },
    "ref": null,
    "rendered": Array [
      Object {
        "instance": null,
        "key": undefined,
        "nodeType": "host",
        "props": Object {
          "children": Array [
            <div
              className="container"
            >
              <Connect(CategoryButton) />
            </div>,
            <div
              className="container"
            >
              <div
                style={
                  Object {
                    "marginTop": 100,
                    "textAlign": "center",
                  }
                }
              >
                <h4
                  className="container__myrecipes"
                >
                  All Recipes
                </h4>
                <br />
                <br />
                <RecipeModal
                  addRecipe={[Function]}
                  recipeCategories={Array []}
                />
              </div>
              <div
                className="row"
              >
                <Exclamation>
                  <p
                    className="text-muted text-center"
                  >
                    Sorry no recipe has been added yet, please add to get started
                  </p>
                </Exclamation>
              </div>
            </div>,
          ],
          "style": Object {
            "marginTop": 40,
          },
        },
        "ref": null,
        "rendered": Array [
          Object {
            "instance": null,
            "key": undefined,
            "nodeType": "host",
            "props": Object {
              "children": <Connect(CategoryButton) />,
              "className": "container",
            },
            "ref": null,
            "rendered": Object {
              "instance": null,
              "key": undefined,
              "nodeType": "class",
              "props": Object {},
              "ref": null,
              "rendered": null,
              "type": [Function],
            },
            "type": "div",
          },
          Object {
            "instance": null,
            "key": undefined,
            "nodeType": "host",
            "props": Object {
              "children": Array [
                <div
                  style={
                    Object {
                      "marginTop": 100,
                      "textAlign": "center",
                    }
                  }
                >
                  <h4
                    className="container__myrecipes"
                  >
                    All Recipes
                  </h4>
                  <br />
                  <br />
                  <RecipeModal
                    addRecipe={[Function]}
                    recipeCategories={Array []}
                  />
                </div>,
                <div
                  className="row"
                >
                  <Exclamation>
                    <p
                      className="text-muted text-center"
                    >
                      Sorry no recipe has been added yet, please add to get started
                    </p>
                  </Exclamation>
                </div>,
              ],
              "className": "container",
            },
            "ref": null,
            "rendered": Array [
              Object {
                "instance": null,
                "key": undefined,
                "nodeType": "host",
                "props": Object {
                  "children": Array [
                    <h4
                      className="container__myrecipes"
                    >
                      All Recipes
                    </h4>,
                    <br />,
                    <br />,
                    <RecipeModal
                      addRecipe={[Function]}
                      recipeCategories={Array []}
                    />,
                  ],
                  "style": Object {
                    "marginTop": 100,
                    "textAlign": "center",
                  },
                },
                "ref": null,
                "rendered": Array [
                  Object {
                    "instance": null,
                    "key": undefined,
                    "nodeType": "host",
                    "props": Object {
                      "children": "All Recipes",
                      "className": "container__myrecipes",
                    },
                    "ref": null,
                    "rendered": "All Recipes",
                    "type": "h4",
                  },
                  Object {
                    "instance": null,
                    "key": undefined,
                    "nodeType": "host",
                    "props": Object {},
                    "ref": null,
                    "rendered": null,
                    "type": "br",
                  },
                  Object {
                    "instance": null,
                    "key": undefined,
                    "nodeType": "host",
                    "props": Object {},
                    "ref": null,
                    "rendered": null,
                    "type": "br",
                  },
                  Object {
                    "instance": null,
                    "key": undefined,
                    "nodeType": "class",
                    "props": Object {
                      "addRecipe": [Function],
                      "recipeCategories": Array [],
                    },
                    "ref": null,
                    "rendered": null,
                    "type": [Function],
                  },
                ],
                "type": "div",
              },
              Object {
                "instance": null,
                "key": undefined,
                "nodeType": "host",
                "props": Object {
                  "children": <Exclamation>
                    <p
                      className="text-muted text-center"
                    >
                      Sorry no recipe has been added yet, please add to get started
                    </p>
                  </Exclamation>,
                  "className": "row",
                },
                "ref": null,
                "rendered": Object {
                  "instance": null,
                  "key": undefined,
                  "nodeType": "function",
                  "props": Object {
                    "children": <p
                      className="text-muted text-center"
                    >
                      Sorry no recipe has been added yet, please add to get started
                    </p>,
                  },
                  "ref": null,
                  "rendered": Object {
                    "instance": null,
                    "key": undefined,
                    "nodeType": "host",
                    "props": Object {
                      "children": "Sorry no recipe has been added yet, please add to get started",
                      "className": "text-muted text-center",
                    },
                    "ref": null,
                    "rendered": "Sorry no recipe has been added yet, please add to get started",
                    "type": "p",
                  },
                  "type": [Function],
                },
                "type": "div",
              },
            ],
            "type": "div",
          },
        ],
        "type": "main",
      },
      Object {
        "instance": null,
        "key": undefined,
        "nodeType": "function",
        "props": Object {
          "recipesCount": 1,
          "recipesPagination": [Function],
        },
        "ref": null,
        "rendered": null,
        "type": [Function],
      },
    ],
    "type": "div",
  },
  Symbol(enzyme.__nodes__): Array [
    Object {
      "instance": null,
      "key": undefined,
      "nodeType": "host",
      "props": Object {
        "children": Array [
          <main
            style={
              Object {
                "marginTop": 40,
              }
            }
          >
            <div
              className="container"
            >
              <Connect(CategoryButton) />
            </div>
            <div
              className="container"
            >
              <div
                style={
                  Object {
                    "marginTop": 100,
                    "textAlign": "center",
                  }
                }
              >
                <h4
                  className="container__myrecipes"
                >
                  All Recipes
                </h4>
                <br />
                <br />
                <RecipeModal
                  addRecipe={[Function]}
                  recipeCategories={Array []}
                />
              </div>
              <div
                className="row"
              >
                <Exclamation>
                  <p
                    className="text-muted text-center"
                  >
                    Sorry no recipe has been added yet, please add to get started
                  </p>
                </Exclamation>
              </div>
            </div>
          </main>,
          <Pagination
            recipesCount={1}
            recipesPagination={[Function]}
          />,
        ],
      },
      "ref": null,
      "rendered": Array [
        Object {
          "instance": null,
          "key": undefined,
          "nodeType": "host",
          "props": Object {
            "children": Array [
              <div
                className="container"
              >
                <Connect(CategoryButton) />
              </div>,
              <div
                className="container"
              >
                <div
                  style={
                    Object {
                      "marginTop": 100,
                      "textAlign": "center",
                    }
                  }
                >
                  <h4
                    className="container__myrecipes"
                  >
                    All Recipes
                  </h4>
                  <br />
                  <br />
                  <RecipeModal
                    addRecipe={[Function]}
                    recipeCategories={Array []}
                  />
                </div>
                <div
                  className="row"
                >
                  <Exclamation>
                    <p
                      className="text-muted text-center"
                    >
                      Sorry no recipe has been added yet, please add to get started
                    </p>
                  </Exclamation>
                </div>
              </div>,
            ],
            "style": Object {
              "marginTop": 40,
            },
          },
          "ref": null,
          "rendered": Array [
            Object {
              "instance": null,
              "key": undefined,
              "nodeType": "host",
              "props": Object {
                "children": <Connect(CategoryButton) />,
                "className": "container",
              },
              "ref": null,
              "rendered": Object {
                "instance": null,
                "key": undefined,
                "nodeType": "class",
                "props": Object {},
                "ref": null,
                "rendered": null,
                "type": [Function],
              },
              "type": "div",
            },
            Object {
              "instance": null,
              "key": undefined,
              "nodeType": "host",
              "props": Object {
                "children": Array [
                  <div
                    style={
                      Object {
                        "marginTop": 100,
                        "textAlign": "center",
                      }
                    }
                  >
                    <h4
                      className="container__myrecipes"
                    >
                      All Recipes
                    </h4>
                    <br />
                    <br />
                    <RecipeModal
                      addRecipe={[Function]}
                      recipeCategories={Array []}
                    />
                  </div>,
                  <div
                    className="row"
                  >
                    <Exclamation>
                      <p
                        className="text-muted text-center"
                      >
                        Sorry no recipe has been added yet, please add to get started
                      </p>
                    </Exclamation>
                  </div>,
                ],
                "className": "container",
              },
              "ref": null,
              "rendered": Array [
                Object {
                  "instance": null,
                  "key": undefined,
                  "nodeType": "host",
                  "props": Object {
                    "children": Array [
                      <h4
                        className="container__myrecipes"
                      >
                        All Recipes
                      </h4>,
                      <br />,
                      <br />,
                      <RecipeModal
                        addRecipe={[Function]}
                        recipeCategories={Array []}
                      />,
                    ],
                    "style": Object {
                      "marginTop": 100,
                      "textAlign": "center",
                    },
                  },
                  "ref": null,
                  "rendered": Array [
                    Object {
                      "instance": null,
                      "key": undefined,
                      "nodeType": "host",
                      "props": Object {
                        "children": "All Recipes",
                        "className": "container__myrecipes",
                      },
                      "ref": null,
                      "rendered": "All Recipes",
                      "type": "h4",
                    },
                    Object {
                      "instance": null,
                      "key": undefined,
                      "nodeType": "host",
                      "props": Object {},
                      "ref": null,
                      "rendered": null,
                      "type": "br",
                    },
                    Object {
                      "instance": null,
                      "key": undefined,
                      "nodeType": "host",
                      "props": Object {},
                      "ref": null,
                      "rendered": null,
                      "type": "br",
                    },
                    Object {
                      "instance": null,
                      "key": undefined,
                      "nodeType": "class",
                      "props": Object {
                        "addRecipe": [Function],
                        "recipeCategories": Array [],
                      },
                      "ref": null,
                      "rendered": null,
                      "type": [Function],
                    },
                  ],
                  "type": "div",
                },
                Object {
                  "instance": null,
                  "key": undefined,
                  "nodeType": "host",
                  "props": Object {
                    "children": <Exclamation>
                      <p
                        className="text-muted text-center"
                      >
                        Sorry no recipe has been added yet, please add to get started
                      </p>
                    </Exclamation>,
                    "className": "row",
                  },
                  "ref": null,
                  "rendered": Object {
                    "instance": null,
                    "key": undefined,
                    "nodeType": "function",
                    "props": Object {
                      "children": <p
                        className="text-muted text-center"
                      >
                        Sorry no recipe has been added yet, please add to get started
                      </p>,
                    },
                    "ref": null,
                    "rendered": Object {
                      "instance": null,
                      "key": undefined,
                      "nodeType": "host",
                      "props": Object {
                        "children": "Sorry no recipe has been added yet, please add to get started",
                        "className": "text-muted text-center",
                      },
                      "ref": null,
                      "rendered": "Sorry no recipe has been added yet, please add to get started",
                      "type": "p",
                    },
                    "type": [Function],
                  },
                  "type": "div",
                },
              ],
              "type": "div",
            },
          ],
          "type": "main",
        },
        Object {
          "instance": null,
          "key": undefined,
          "nodeType": "function",
          "props": Object {
            "recipesCount": 1,
            "recipesPagination": [Function],
          },
          "ref": null,
          "rendered": null,
          "type": [Function],
        },
      ],
      "type": "div",
    },
  ],
  Symbol(enzyme.__options__): Object {
    "adapter": ReactSixteenAdapter {
      "options": Object {
        "enableComponentDidUpdateOnSetState": true,
      },
    },
  },
}
`;
