// Jest Snapshot v1, https://goo.gl/fbAQLP

exports[`# CategoryPage should render successfully 1`] = `
ShallowWrapper {
  "length": 1,
  Symbol(enzyme.__root__): [Circular],
  Symbol(enzyme.__unrendered__): <CategoryPage
    categories={
      Array [
        Object {
          "id": 1,
          "name": "Breakfast",
        },
      ]
    }
    getFavouritedRecipes={[Function]}
    history={Object {}}
    isAuthenticated={false}
    match={
      Object {
        "params": Object {
          "categoryName": "Breakfast",
        },
      }
    }
    pagination={2}
    recipeCategories={
      [MockFunction] {
        "calls": Array [
          Array [],
        ],
      }
    }
    recipes={
      Array [
        Object {
          "image": "This is the image",
          "name": "Amala",
        },
      ]
    }
  />,
  Symbol(enzyme.__renderer__): Object {
    "batchedUpdates": [Function],
    "getNode": [Function],
    "render": [Function],
    "simulateEvent": [Function],
    "unmount": [Function],
  },
  Symbol(enzyme.__node__): Object {
    "instance": null,
    "key": undefined,
    "nodeType": "host",
    "props": Object {
      "children": <Unknown
        component="div"
        loaded={false}
        loadedClassName="loadedContent"
        parentClassName="loader"
      />,
    },
    "ref": null,
    "rendered": Object {
      "instance": null,
      "key": undefined,
      "nodeType": "class",
      "props": Object {
        "component": "div",
        "loaded": false,
        "loadedClassName": "loadedContent",
        "parentClassName": "loader",
      },
      "ref": null,
      "rendered": null,
      "type": [Function],
    },
    "type": "div",
  },
  Symbol(enzyme.__nodes__): Array [
    Object {
      "instance": null,
      "key": undefined,
      "nodeType": "host",
      "props": Object {
        "children": <Unknown
          component="div"
          loaded={false}
          loadedClassName="loadedContent"
          parentClassName="loader"
        />,
      },
      "ref": null,
      "rendered": Object {
        "instance": null,
        "key": undefined,
        "nodeType": "class",
        "props": Object {
          "component": "div",
          "loaded": false,
          "loadedClassName": "loadedContent",
          "parentClassName": "loader",
        },
        "ref": null,
        "rendered": null,
        "type": [Function],
      },
      "type": "div",
    },
  ],
  Symbol(enzyme.__options__): Object {
    "adapter": ReactSixteenAdapter {
      "options": Object {
        "enableComponentDidUpdateOnSetState": true,
      },
    },
  },
}
`;
