// Jest Snapshot v1, https://goo.gl/fbAQLP

exports[`# Exclamation should render successfully 1`] = `
ShallowWrapper {
  "length": 1,
  Symbol(enzyme.__root__): [Circular],
  Symbol(enzyme.__unrendered__): <Exclamation />,
  Symbol(enzyme.__renderer__): Object {
    "batchedUpdates": [Function],
    "getNode": [Function],
    "render": [Function],
    "simulateEvent": [Function],
    "unmount": [Function],
  },
  Symbol(enzyme.__node__): Object {
    "instance": null,
    "key": undefined,
    "nodeType": "host",
    "props": Object {
      "children": Array [
        undefined,
        <div
          className="fa fa-exclamation-circle center-exclamation"
        />,
      ],
      "className": "text-center exclamation-container",
    },
    "ref": null,
    "rendered": Array [
      undefined,
      Object {
        "instance": null,
        "key": undefined,
        "nodeType": "host",
        "props": Object {
          "className": "fa fa-exclamation-circle center-exclamation",
        },
        "ref": null,
        "rendered": null,
        "type": "div",
      },
    ],
    "type": "div",
  },
  Symbol(enzyme.__nodes__): Array [
    Object {
      "instance": null,
      "key": undefined,
      "nodeType": "host",
      "props": Object {
        "children": Array [
          undefined,
          <div
            className="fa fa-exclamation-circle center-exclamation"
          />,
        ],
        "className": "text-center exclamation-container",
      },
      "ref": null,
      "rendered": Array [
        undefined,
        Object {
          "instance": null,
          "key": undefined,
          "nodeType": "host",
          "props": Object {
            "className": "fa fa-exclamation-circle center-exclamation",
          },
          "ref": null,
          "rendered": null,
          "type": "div",
        },
      ],
      "type": "div",
    },
  ],
  Symbol(enzyme.__options__): Object {
    "adapter": ReactSixteenAdapter {
      "options": Object {
        "enableComponentDidUpdateOnSetState": true,
      },
    },
  },
}
`;
