// Jest Snapshot v1, https://goo.gl/fbAQLP

exports[`# FavouriteRecipes should render successfully 1`] = `
ShallowWrapper {
  "length": 1,
  Symbol(enzyme.__root__): [Circular],
  Symbol(enzyme.__unrendered__): <FavouriteRecipes
    getFavouritedRecipes={[Function]}
    location={
      Object {
        "search": "recipe=Amala",
      }
    }
    pagination={2}
    recipes={
      Array [
        Object {
          "image": "This is the image",
          "name": "Amala",
        },
      ]
    }
    user={
      Object {
        "firstName": "Seun",
        "lastName": "Agbeye",
      }
    }
  />,
  Symbol(enzyme.__renderer__): Object {
    "batchedUpdates": [Function],
    "getNode": [Function],
    "render": [Function],
    "simulateEvent": [Function],
    "unmount": [Function],
  },
  Symbol(enzyme.__node__): Object {
    "instance": null,
    "key": undefined,
    "nodeType": "host",
    "props": Object {
      "children": Array [
        <main
          style={
            Object {
              "marginTop": 40,
            }
          }
        >
          <div
            className="container"
          >
            <Connect(CategoryButton) />
          </div>
          <div
            className="container"
          >
            <div
              style={
                Object {
                  "marginTop": 100,
                  "textAlign": "center",
                }
              }
            >
              <h4
                className="container__myrecipes"
              >
                Favourite Recipes
              </h4>
              <br />
              <br />
            </div>
            <div
              className="row"
            >
              <Exclamation>
                <p
                  className="text-muted text-center"
                >
                  Sorry you have not favourited any recipe yet!
                </p>
              </Exclamation>
            </div>
          </div>
        </main>,
        <Pagination
          recipesCount={2}
          recipesPagination={[Function]}
        />,
      ],
    },
    "ref": null,
    "rendered": Array [
      Object {
        "instance": null,
        "key": undefined,
        "nodeType": "host",
        "props": Object {
          "children": Array [
            <div
              className="container"
            >
              <Connect(CategoryButton) />
            </div>,
            <div
              className="container"
            >
              <div
                style={
                  Object {
                    "marginTop": 100,
                    "textAlign": "center",
                  }
                }
              >
                <h4
                  className="container__myrecipes"
                >
                  Favourite Recipes
                </h4>
                <br />
                <br />
              </div>
              <div
                className="row"
              >
                <Exclamation>
                  <p
                    className="text-muted text-center"
                  >
                    Sorry you have not favourited any recipe yet!
                  </p>
                </Exclamation>
              </div>
            </div>,
          ],
          "style": Object {
            "marginTop": 40,
          },
        },
        "ref": null,
        "rendered": Array [
          Object {
            "instance": null,
            "key": undefined,
            "nodeType": "host",
            "props": Object {
              "children": <Connect(CategoryButton) />,
              "className": "container",
            },
            "ref": null,
            "rendered": Object {
              "instance": null,
              "key": undefined,
              "nodeType": "class",
              "props": Object {},
              "ref": null,
              "rendered": null,
              "type": [Function],
            },
            "type": "div",
          },
          Object {
            "instance": null,
            "key": undefined,
            "nodeType": "host",
            "props": Object {
              "children": Array [
                <div
                  style={
                    Object {
                      "marginTop": 100,
                      "textAlign": "center",
                    }
                  }
                >
                  <h4
                    className="container__myrecipes"
                  >
                    Favourite Recipes
                  </h4>
                  <br />
                  <br />
                </div>,
                <div
                  className="row"
                >
                  <Exclamation>
                    <p
                      className="text-muted text-center"
                    >
                      Sorry you have not favourited any recipe yet!
                    </p>
                  </Exclamation>
                </div>,
              ],
              "className": "container",
            },
            "ref": null,
            "rendered": Array [
              Object {
                "instance": null,
                "key": undefined,
                "nodeType": "host",
                "props": Object {
                  "children": Array [
                    <h4
                      className="container__myrecipes"
                    >
                      Favourite Recipes
                    </h4>,
                    <br />,
                    <br />,
                  ],
                  "style": Object {
                    "marginTop": 100,
                    "textAlign": "center",
                  },
                },
                "ref": null,
                "rendered": Array [
                  Object {
                    "instance": null,
                    "key": undefined,
                    "nodeType": "host",
                    "props": Object {
                      "children": "Favourite Recipes",
                      "className": "container__myrecipes",
                    },
                    "ref": null,
                    "rendered": "Favourite Recipes",
                    "type": "h4",
                  },
                  Object {
                    "instance": null,
                    "key": undefined,
                    "nodeType": "host",
                    "props": Object {},
                    "ref": null,
                    "rendered": null,
                    "type": "br",
                  },
                  Object {
                    "instance": null,
                    "key": undefined,
                    "nodeType": "host",
                    "props": Object {},
                    "ref": null,
                    "rendered": null,
                    "type": "br",
                  },
                ],
                "type": "div",
              },
              Object {
                "instance": null,
                "key": undefined,
                "nodeType": "host",
                "props": Object {
                  "children": <Exclamation>
                    <p
                      className="text-muted text-center"
                    >
                      Sorry you have not favourited any recipe yet!
                    </p>
                  </Exclamation>,
                  "className": "row",
                },
                "ref": null,
                "rendered": Object {
                  "instance": null,
                  "key": undefined,
                  "nodeType": "function",
                  "props": Object {
                    "children": <p
                      className="text-muted text-center"
                    >
                      Sorry you have not favourited any recipe yet!
                    </p>,
                  },
                  "ref": null,
                  "rendered": Object {
                    "instance": null,
                    "key": undefined,
                    "nodeType": "host",
                    "props": Object {
                      "children": "Sorry you have not favourited any recipe yet!",
                      "className": "text-muted text-center",
                    },
                    "ref": null,
                    "rendered": "Sorry you have not favourited any recipe yet!",
                    "type": "p",
                  },
                  "type": [Function],
                },
                "type": "div",
              },
            ],
            "type": "div",
          },
        ],
        "type": "main",
      },
      Object {
        "instance": null,
        "key": undefined,
        "nodeType": "function",
        "props": Object {
          "recipesCount": 2,
          "recipesPagination": [Function],
        },
        "ref": null,
        "rendered": null,
        "type": [Function],
      },
    ],
    "type": "div",
  },
  Symbol(enzyme.__nodes__): Array [
    Object {
      "instance": null,
      "key": undefined,
      "nodeType": "host",
      "props": Object {
        "children": Array [
          <main
            style={
              Object {
                "marginTop": 40,
              }
            }
          >
            <div
              className="container"
            >
              <Connect(CategoryButton) />
            </div>
            <div
              className="container"
            >
              <div
                style={
                  Object {
                    "marginTop": 100,
                    "textAlign": "center",
                  }
                }
              >
                <h4
                  className="container__myrecipes"
                >
                  Favourite Recipes
                </h4>
                <br />
                <br />
              </div>
              <div
                className="row"
              >
                <Exclamation>
                  <p
                    className="text-muted text-center"
                  >
                    Sorry you have not favourited any recipe yet!
                  </p>
                </Exclamation>
              </div>
            </div>
          </main>,
          <Pagination
            recipesCount={2}
            recipesPagination={[Function]}
          />,
        ],
      },
      "ref": null,
      "rendered": Array [
        Object {
          "instance": null,
          "key": undefined,
          "nodeType": "host",
          "props": Object {
            "children": Array [
              <div
                className="container"
              >
                <Connect(CategoryButton) />
              </div>,
              <div
                className="container"
              >
                <div
                  style={
                    Object {
                      "marginTop": 100,
                      "textAlign": "center",
                    }
                  }
                >
                  <h4
                    className="container__myrecipes"
                  >
                    Favourite Recipes
                  </h4>
                  <br />
                  <br />
                </div>
                <div
                  className="row"
                >
                  <Exclamation>
                    <p
                      className="text-muted text-center"
                    >
                      Sorry you have not favourited any recipe yet!
                    </p>
                  </Exclamation>
                </div>
              </div>,
            ],
            "style": Object {
              "marginTop": 40,
            },
          },
          "ref": null,
          "rendered": Array [
            Object {
              "instance": null,
              "key": undefined,
              "nodeType": "host",
              "props": Object {
                "children": <Connect(CategoryButton) />,
                "className": "container",
              },
              "ref": null,
              "rendered": Object {
                "instance": null,
                "key": undefined,
                "nodeType": "class",
                "props": Object {},
                "ref": null,
                "rendered": null,
                "type": [Function],
              },
              "type": "div",
            },
            Object {
              "instance": null,
              "key": undefined,
              "nodeType": "host",
              "props": Object {
                "children": Array [
                  <div
                    style={
                      Object {
                        "marginTop": 100,
                        "textAlign": "center",
                      }
                    }
                  >
                    <h4
                      className="container__myrecipes"
                    >
                      Favourite Recipes
                    </h4>
                    <br />
                    <br />
                  </div>,
                  <div
                    className="row"
                  >
                    <Exclamation>
                      <p
                        className="text-muted text-center"
                      >
                        Sorry you have not favourited any recipe yet!
                      </p>
                    </Exclamation>
                  </div>,
                ],
                "className": "container",
              },
              "ref": null,
              "rendered": Array [
                Object {
                  "instance": null,
                  "key": undefined,
                  "nodeType": "host",
                  "props": Object {
                    "children": Array [
                      <h4
                        className="container__myrecipes"
                      >
                        Favourite Recipes
                      </h4>,
                      <br />,
                      <br />,
                    ],
                    "style": Object {
                      "marginTop": 100,
                      "textAlign": "center",
                    },
                  },
                  "ref": null,
                  "rendered": Array [
                    Object {
                      "instance": null,
                      "key": undefined,
                      "nodeType": "host",
                      "props": Object {
                        "children": "Favourite Recipes",
                        "className": "container__myrecipes",
                      },
                      "ref": null,
                      "rendered": "Favourite Recipes",
                      "type": "h4",
                    },
                    Object {
                      "instance": null,
                      "key": undefined,
                      "nodeType": "host",
                      "props": Object {},
                      "ref": null,
                      "rendered": null,
                      "type": "br",
                    },
                    Object {
                      "instance": null,
                      "key": undefined,
                      "nodeType": "host",
                      "props": Object {},
                      "ref": null,
                      "rendered": null,
                      "type": "br",
                    },
                  ],
                  "type": "div",
                },
                Object {
                  "instance": null,
                  "key": undefined,
                  "nodeType": "host",
                  "props": Object {
                    "children": <Exclamation>
                      <p
                        className="text-muted text-center"
                      >
                        Sorry you have not favourited any recipe yet!
                      </p>
                    </Exclamation>,
                    "className": "row",
                  },
                  "ref": null,
                  "rendered": Object {
                    "instance": null,
                    "key": undefined,
                    "nodeType": "function",
                    "props": Object {
                      "children": <p
                        className="text-muted text-center"
                      >
                        Sorry you have not favourited any recipe yet!
                      </p>,
                    },
                    "ref": null,
                    "rendered": Object {
                      "instance": null,
                      "key": undefined,
                      "nodeType": "host",
                      "props": Object {
                        "children": "Sorry you have not favourited any recipe yet!",
                        "className": "text-muted text-center",
                      },
                      "ref": null,
                      "rendered": "Sorry you have not favourited any recipe yet!",
                      "type": "p",
                    },
                    "type": [Function],
                  },
                  "type": "div",
                },
              ],
              "type": "div",
            },
          ],
          "type": "main",
        },
        Object {
          "instance": null,
          "key": undefined,
          "nodeType": "function",
          "props": Object {
            "recipesCount": 2,
            "recipesPagination": [Function],
          },
          "ref": null,
          "rendered": null,
          "type": [Function],
        },
      ],
      "type": "div",
    },
  ],
  Symbol(enzyme.__options__): Object {
    "adapter": ReactSixteenAdapter {
      "options": Object {
        "enableComponentDidUpdateOnSetState": true,
      },
    },
  },
}
`;
