// Jest Snapshot v1, https://goo.gl/fbAQLP

exports[`# Hompage should render successfully 1`] = `
ShallowWrapper {
  "length": 1,
  Symbol(enzyme.__root__): [Circular],
  Symbol(enzyme.__unrendered__): <Homepage
    allRecipes={
      [MockFunction] {
        "calls": Array [
          Array [
            1,
            3,
          ],
        ],
      }
    }
    auth={
      Object {
        "isAuthenticated": true,
        "user": Object {
          "firstName": "Seun",
          "lastName": "Agbeye",
        },
      }
    }
    categories={Array []}
    history={
      Object {
        "push": [Function],
      }
    }
    popularRecipe={Array []}
    popularRecipes={
      [MockFunction] {
        "calls": Array [
          Array [
            3,
          ],
        ],
      }
    }
    recipeCategories={
      [MockFunction] {
        "calls": Array [
          Array [],
        ],
      }
    }
    recipes={Array []}
  />,
  Symbol(enzyme.__renderer__): Object {
    "batchedUpdates": [Function],
    "getNode": [Function],
    "render": [Function],
    "simulateEvent": [Function],
    "unmount": [Function],
  },
  Symbol(enzyme.__node__): Object {
    "instance": null,
    "key": undefined,
    "nodeType": "host",
    "props": Object {
      "children": <main>
        <section
          className="banner"
        >
          <div
            className="overlay"
          >
            <h3
              className="overlay__h3"
            >
              Welcome To Recipes. All About Reciping
            </h3>
          </div>
        </section>
        <section>
          <div
            className="container"
          >
            <h3
              className="title"
              style={
                Object {
                  "fontSize": 32,
                  "marginTop": 40,
                  "textAlign": "center",
                }
              }
            >
              <Link
                className="title__link"
                replace={false}
                to="/recipes"
              >
                Recipes
              </Link>
            </h3>
            <div
              className="row"
            />
            <h3
              style={
                Object {
                  "fontSize": 32,
                  "marginTop": 40,
                  "textAlign": "center",
                }
              }
            >
              <Link
                className="title-link"
                replace={false}
                to="#"
              >
                Categories
              </Link>
            </h3>
            <div
              className="row"
            />
            <h3
              style={
                Object {
                  "fontSize": 32,
                  "marginTop": 40,
                  "textAlign": "center",
                }
              }
            >
              <Link
                className="title-link"
                replace={false}
                to="#"
              >
                Popular
              </Link>
            </h3>
            <div
              className="row"
            />
          </div>
        </section>
      </main>,
    },
    "ref": null,
    "rendered": Object {
      "instance": null,
      "key": undefined,
      "nodeType": "host",
      "props": Object {
        "children": Array [
          <section
            className="banner"
          >
            <div
              className="overlay"
            >
              <h3
                className="overlay__h3"
              >
                Welcome To Recipes. All About Reciping
              </h3>
            </div>
          </section>,
          <section>
            <div
              className="container"
            >
              <h3
                className="title"
                style={
                  Object {
                    "fontSize": 32,
                    "marginTop": 40,
                    "textAlign": "center",
                  }
                }
              >
                <Link
                  className="title__link"
                  replace={false}
                  to="/recipes"
                >
                  Recipes
                </Link>
              </h3>
              <div
                className="row"
              />
              <h3
                style={
                  Object {
                    "fontSize": 32,
                    "marginTop": 40,
                    "textAlign": "center",
                  }
                }
              >
                <Link
                  className="title-link"
                  replace={false}
                  to="#"
                >
                  Categories
                </Link>
              </h3>
              <div
                className="row"
              />
              <h3
                style={
                  Object {
                    "fontSize": 32,
                    "marginTop": 40,
                    "textAlign": "center",
                  }
                }
              >
                <Link
                  className="title-link"
                  replace={false}
                  to="#"
                >
                  Popular
                </Link>
              </h3>
              <div
                className="row"
              />
            </div>
          </section>,
        ],
      },
      "ref": null,
      "rendered": Array [
        Object {
          "instance": null,
          "key": undefined,
          "nodeType": "host",
          "props": Object {
            "children": <div
              className="overlay"
            >
              <h3
                className="overlay__h3"
              >
                Welcome To Recipes. All About Reciping
              </h3>
            </div>,
            "className": "banner",
          },
          "ref": null,
          "rendered": Object {
            "instance": null,
            "key": undefined,
            "nodeType": "host",
            "props": Object {
              "children": <h3
                className="overlay__h3"
              >
                Welcome To Recipes. All About Reciping
              </h3>,
              "className": "overlay",
            },
            "ref": null,
            "rendered": Object {
              "instance": null,
              "key": undefined,
              "nodeType": "host",
              "props": Object {
                "children": "Welcome To Recipes. All About Reciping",
                "className": "overlay__h3",
              },
              "ref": null,
              "rendered": "Welcome To Recipes. All About Reciping",
              "type": "h3",
            },
            "type": "div",
          },
          "type": "section",
        },
        Object {
          "instance": null,
          "key": undefined,
          "nodeType": "host",
          "props": Object {
            "children": <div
              className="container"
            >
              <h3
                className="title"
                style={
                  Object {
                    "fontSize": 32,
                    "marginTop": 40,
                    "textAlign": "center",
                  }
                }
              >
                <Link
                  className="title__link"
                  replace={false}
                  to="/recipes"
                >
                  Recipes
                </Link>
              </h3>
              <div
                className="row"
              />
              <h3
                style={
                  Object {
                    "fontSize": 32,
                    "marginTop": 40,
                    "textAlign": "center",
                  }
                }
              >
                <Link
                  className="title-link"
                  replace={false}
                  to="#"
                >
                  Categories
                </Link>
              </h3>
              <div
                className="row"
              />
              <h3
                style={
                  Object {
                    "fontSize": 32,
                    "marginTop": 40,
                    "textAlign": "center",
                  }
                }
              >
                <Link
                  className="title-link"
                  replace={false}
                  to="#"
                >
                  Popular
                </Link>
              </h3>
              <div
                className="row"
              />
            </div>,
          },
          "ref": null,
          "rendered": Object {
            "instance": null,
            "key": undefined,
            "nodeType": "host",
            "props": Object {
              "children": Array [
                <h3
                  className="title"
                  style={
                    Object {
                      "fontSize": 32,
                      "marginTop": 40,
                      "textAlign": "center",
                    }
                  }
                >
                  <Link
                    className="title__link"
                    replace={false}
                    to="/recipes"
                  >
                    Recipes
                  </Link>
                </h3>,
                <div
                  className="row"
                />,
                <h3
                  style={
                    Object {
                      "fontSize": 32,
                      "marginTop": 40,
                      "textAlign": "center",
                    }
                  }
                >
                  <Link
                    className="title-link"
                    replace={false}
                    to="#"
                  >
                    Categories
                  </Link>
                </h3>,
                <div
                  className="row"
                />,
                <h3
                  style={
                    Object {
                      "fontSize": 32,
                      "marginTop": 40,
                      "textAlign": "center",
                    }
                  }
                >
                  <Link
                    className="title-link"
                    replace={false}
                    to="#"
                  >
                    Popular
                  </Link>
                </h3>,
                <div
                  className="row"
                />,
              ],
              "className": "container",
            },
            "ref": null,
            "rendered": Array [
              Object {
                "instance": null,
                "key": undefined,
                "nodeType": "host",
                "props": Object {
                  "children": <Link
                    className="title__link"
                    replace={false}
                    to="/recipes"
                  >
                    Recipes
                  </Link>,
                  "className": "title",
                  "style": Object {
                    "fontSize": 32,
                    "marginTop": 40,
                    "textAlign": "center",
                  },
                },
                "ref": null,
                "rendered": Object {
                  "instance": null,
                  "key": undefined,
                  "nodeType": "class",
                  "props": Object {
                    "children": "Recipes",
                    "className": "title__link",
                    "replace": false,
                    "to": "/recipes",
                  },
                  "ref": null,
                  "rendered": "Recipes",
                  "type": [Function],
                },
                "type": "h3",
              },
              Object {
                "instance": null,
                "key": undefined,
                "nodeType": "host",
                "props": Object {
                  "children": Array [],
                  "className": "row",
                },
                "ref": null,
                "rendered": Array [],
                "type": "div",
              },
              Object {
                "instance": null,
                "key": undefined,
                "nodeType": "host",
                "props": Object {
                  "children": <Link
                    className="title-link"
                    replace={false}
                    to="#"
                  >
                    Categories
                  </Link>,
                  "style": Object {
                    "fontSize": 32,
                    "marginTop": 40,
                    "textAlign": "center",
                  },
                },
                "ref": null,
                "rendered": Object {
                  "instance": null,
                  "key": undefined,
                  "nodeType": "class",
                  "props": Object {
                    "children": "Categories",
                    "className": "title-link",
                    "replace": false,
                    "to": "#",
                  },
                  "ref": null,
                  "rendered": "Categories",
                  "type": [Function],
                },
                "type": "h3",
              },
              Object {
                "instance": null,
                "key": undefined,
                "nodeType": "host",
                "props": Object {
                  "children": Array [],
                  "className": "row",
                },
                "ref": null,
                "rendered": Array [],
                "type": "div",
              },
              Object {
                "instance": null,
                "key": undefined,
                "nodeType": "host",
                "props": Object {
                  "children": <Link
                    className="title-link"
                    replace={false}
                    to="#"
                  >
                    Popular
                  </Link>,
                  "style": Object {
                    "fontSize": 32,
                    "marginTop": 40,
                    "textAlign": "center",
                  },
                },
                "ref": null,
                "rendered": Object {
                  "instance": null,
                  "key": undefined,
                  "nodeType": "class",
                  "props": Object {
                    "children": "Popular",
                    "className": "title-link",
                    "replace": false,
                    "to": "#",
                  },
                  "ref": null,
                  "rendered": "Popular",
                  "type": [Function],
                },
                "type": "h3",
              },
              Object {
                "instance": null,
                "key": undefined,
                "nodeType": "host",
                "props": Object {
                  "children": Array [],
                  "className": "row",
                },
                "ref": null,
                "rendered": Array [],
                "type": "div",
              },
            ],
            "type": "div",
          },
          "type": "section",
        },
      ],
      "type": "main",
    },
    "type": "div",
  },
  Symbol(enzyme.__nodes__): Array [
    Object {
      "instance": null,
      "key": undefined,
      "nodeType": "host",
      "props": Object {
        "children": <main>
          <section
            className="banner"
          >
            <div
              className="overlay"
            >
              <h3
                className="overlay__h3"
              >
                Welcome To Recipes. All About Reciping
              </h3>
            </div>
          </section>
          <section>
            <div
              className="container"
            >
              <h3
                className="title"
                style={
                  Object {
                    "fontSize": 32,
                    "marginTop": 40,
                    "textAlign": "center",
                  }
                }
              >
                <Link
                  className="title__link"
                  replace={false}
                  to="/recipes"
                >
                  Recipes
                </Link>
              </h3>
              <div
                className="row"
              />
              <h3
                style={
                  Object {
                    "fontSize": 32,
                    "marginTop": 40,
                    "textAlign": "center",
                  }
                }
              >
                <Link
                  className="title-link"
                  replace={false}
                  to="#"
                >
                  Categories
                </Link>
              </h3>
              <div
                className="row"
              />
              <h3
                style={
                  Object {
                    "fontSize": 32,
                    "marginTop": 40,
                    "textAlign": "center",
                  }
                }
              >
                <Link
                  className="title-link"
                  replace={false}
                  to="#"
                >
                  Popular
                </Link>
              </h3>
              <div
                className="row"
              />
            </div>
          </section>
        </main>,
      },
      "ref": null,
      "rendered": Object {
        "instance": null,
        "key": undefined,
        "nodeType": "host",
        "props": Object {
          "children": Array [
            <section
              className="banner"
            >
              <div
                className="overlay"
              >
                <h3
                  className="overlay__h3"
                >
                  Welcome To Recipes. All About Reciping
                </h3>
              </div>
            </section>,
            <section>
              <div
                className="container"
              >
                <h3
                  className="title"
                  style={
                    Object {
                      "fontSize": 32,
                      "marginTop": 40,
                      "textAlign": "center",
                    }
                  }
                >
                  <Link
                    className="title__link"
                    replace={false}
                    to="/recipes"
                  >
                    Recipes
                  </Link>
                </h3>
                <div
                  className="row"
                />
                <h3
                  style={
                    Object {
                      "fontSize": 32,
                      "marginTop": 40,
                      "textAlign": "center",
                    }
                  }
                >
                  <Link
                    className="title-link"
                    replace={false}
                    to="#"
                  >
                    Categories
                  </Link>
                </h3>
                <div
                  className="row"
                />
                <h3
                  style={
                    Object {
                      "fontSize": 32,
                      "marginTop": 40,
                      "textAlign": "center",
                    }
                  }
                >
                  <Link
                    className="title-link"
                    replace={false}
                    to="#"
                  >
                    Popular
                  </Link>
                </h3>
                <div
                  className="row"
                />
              </div>
            </section>,
          ],
        },
        "ref": null,
        "rendered": Array [
          Object {
            "instance": null,
            "key": undefined,
            "nodeType": "host",
            "props": Object {
              "children": <div
                className="overlay"
              >
                <h3
                  className="overlay__h3"
                >
                  Welcome To Recipes. All About Reciping
                </h3>
              </div>,
              "className": "banner",
            },
            "ref": null,
            "rendered": Object {
              "instance": null,
              "key": undefined,
              "nodeType": "host",
              "props": Object {
                "children": <h3
                  className="overlay__h3"
                >
                  Welcome To Recipes. All About Reciping
                </h3>,
                "className": "overlay",
              },
              "ref": null,
              "rendered": Object {
                "instance": null,
                "key": undefined,
                "nodeType": "host",
                "props": Object {
                  "children": "Welcome To Recipes. All About Reciping",
                  "className": "overlay__h3",
                },
                "ref": null,
                "rendered": "Welcome To Recipes. All About Reciping",
                "type": "h3",
              },
              "type": "div",
            },
            "type": "section",
          },
          Object {
            "instance": null,
            "key": undefined,
            "nodeType": "host",
            "props": Object {
              "children": <div
                className="container"
              >
                <h3
                  className="title"
                  style={
                    Object {
                      "fontSize": 32,
                      "marginTop": 40,
                      "textAlign": "center",
                    }
                  }
                >
                  <Link
                    className="title__link"
                    replace={false}
                    to="/recipes"
                  >
                    Recipes
                  </Link>
                </h3>
                <div
                  className="row"
                />
                <h3
                  style={
                    Object {
                      "fontSize": 32,
                      "marginTop": 40,
                      "textAlign": "center",
                    }
                  }
                >
                  <Link
                    className="title-link"
                    replace={false}
                    to="#"
                  >
                    Categories
                  </Link>
                </h3>
                <div
                  className="row"
                />
                <h3
                  style={
                    Object {
                      "fontSize": 32,
                      "marginTop": 40,
                      "textAlign": "center",
                    }
                  }
                >
                  <Link
                    className="title-link"
                    replace={false}
                    to="#"
                  >
                    Popular
                  </Link>
                </h3>
                <div
                  className="row"
                />
              </div>,
            },
            "ref": null,
            "rendered": Object {
              "instance": null,
              "key": undefined,
              "nodeType": "host",
              "props": Object {
                "children": Array [
                  <h3
                    className="title"
                    style={
                      Object {
                        "fontSize": 32,
                        "marginTop": 40,
                        "textAlign": "center",
                      }
                    }
                  >
                    <Link
                      className="title__link"
                      replace={false}
                      to="/recipes"
                    >
                      Recipes
                    </Link>
                  </h3>,
                  <div
                    className="row"
                  />,
                  <h3
                    style={
                      Object {
                        "fontSize": 32,
                        "marginTop": 40,
                        "textAlign": "center",
                      }
                    }
                  >
                    <Link
                      className="title-link"
                      replace={false}
                      to="#"
                    >
                      Categories
                    </Link>
                  </h3>,
                  <div
                    className="row"
                  />,
                  <h3
                    style={
                      Object {
                        "fontSize": 32,
                        "marginTop": 40,
                        "textAlign": "center",
                      }
                    }
                  >
                    <Link
                      className="title-link"
                      replace={false}
                      to="#"
                    >
                      Popular
                    </Link>
                  </h3>,
                  <div
                    className="row"
                  />,
                ],
                "className": "container",
              },
              "ref": null,
              "rendered": Array [
                Object {
                  "instance": null,
                  "key": undefined,
                  "nodeType": "host",
                  "props": Object {
                    "children": <Link
                      className="title__link"
                      replace={false}
                      to="/recipes"
                    >
                      Recipes
                    </Link>,
                    "className": "title",
                    "style": Object {
                      "fontSize": 32,
                      "marginTop": 40,
                      "textAlign": "center",
                    },
                  },
                  "ref": null,
                  "rendered": Object {
                    "instance": null,
                    "key": undefined,
                    "nodeType": "class",
                    "props": Object {
                      "children": "Recipes",
                      "className": "title__link",
                      "replace": false,
                      "to": "/recipes",
                    },
                    "ref": null,
                    "rendered": "Recipes",
                    "type": [Function],
                  },
                  "type": "h3",
                },
                Object {
                  "instance": null,
                  "key": undefined,
                  "nodeType": "host",
                  "props": Object {
                    "children": Array [],
                    "className": "row",
                  },
                  "ref": null,
                  "rendered": Array [],
                  "type": "div",
                },
                Object {
                  "instance": null,
                  "key": undefined,
                  "nodeType": "host",
                  "props": Object {
                    "children": <Link
                      className="title-link"
                      replace={false}
                      to="#"
                    >
                      Categories
                    </Link>,
                    "style": Object {
                      "fontSize": 32,
                      "marginTop": 40,
                      "textAlign": "center",
                    },
                  },
                  "ref": null,
                  "rendered": Object {
                    "instance": null,
                    "key": undefined,
                    "nodeType": "class",
                    "props": Object {
                      "children": "Categories",
                      "className": "title-link",
                      "replace": false,
                      "to": "#",
                    },
                    "ref": null,
                    "rendered": "Categories",
                    "type": [Function],
                  },
                  "type": "h3",
                },
                Object {
                  "instance": null,
                  "key": undefined,
                  "nodeType": "host",
                  "props": Object {
                    "children": Array [],
                    "className": "row",
                  },
                  "ref": null,
                  "rendered": Array [],
                  "type": "div",
                },
                Object {
                  "instance": null,
                  "key": undefined,
                  "nodeType": "host",
                  "props": Object {
                    "children": <Link
                      className="title-link"
                      replace={false}
                      to="#"
                    >
                      Popular
                    </Link>,
                    "style": Object {
                      "fontSize": 32,
                      "marginTop": 40,
                      "textAlign": "center",
                    },
                  },
                  "ref": null,
                  "rendered": Object {
                    "instance": null,
                    "key": undefined,
                    "nodeType": "class",
                    "props": Object {
                      "children": "Popular",
                      "className": "title-link",
                      "replace": false,
                      "to": "#",
                    },
                    "ref": null,
                    "rendered": "Popular",
                    "type": [Function],
                  },
                  "type": "h3",
                },
                Object {
                  "instance": null,
                  "key": undefined,
                  "nodeType": "host",
                  "props": Object {
                    "children": Array [],
                    "className": "row",
                  },
                  "ref": null,
                  "rendered": Array [],
                  "type": "div",
                },
              ],
              "type": "div",
            },
            "type": "section",
          },
        ],
        "type": "main",
      },
      "type": "div",
    },
  ],
  Symbol(enzyme.__options__): Object {
    "adapter": ReactSixteenAdapter {
      "options": Object {
        "enableComponentDidUpdateOnSetState": true,
      },
    },
  },
}
`;
