// Jest Snapshot v1, https://goo.gl/fbAQLP

exports[`# CategoryButton should render successfully 1`] = `
ShallowWrapper {
  "length": 1,
  Symbol(enzyme.__root__): [Circular],
  Symbol(enzyme.__unrendered__): <Input
    id={1}
    name="Input One"
    number={1}
    onChange={[MockFunction]}
    value="Value"
  />,
  Symbol(enzyme.__renderer__): Object {
    "batchedUpdates": [Function],
    "getNode": [Function],
    "render": [Function],
    "simulateEvent": [Function],
    "unmount": [Function],
  },
  Symbol(enzyme.__node__): Object {
    "instance": null,
    "key": undefined,
    "nodeType": "host",
    "props": Object {
      "children": <fieldset>
        <label>
           
          Input One
           
          1
        </label>
        <input
          className="form-control"
          data-index={undefined}
          data-name="Input One-undefined"
          defaultValue="Value"
          id={1}
          name="Input One"
          onBlur={[MockFunction]}
          required={true}
        />
        <span
          className="icons fa fa-trash"
          data-index={undefined}
          data-name="Input One-undefined"
          id={1}
          onClick={undefined}
        />
      </fieldset>,
    },
    "ref": null,
    "rendered": Object {
      "instance": null,
      "key": undefined,
      "nodeType": "host",
      "props": Object {
        "children": Array [
          <label>
             
            Input One
             
            1
          </label>,
          <input
            className="form-control"
            data-index={undefined}
            data-name="Input One-undefined"
            defaultValue="Value"
            id={1}
            name="Input One"
            onBlur={[MockFunction]}
            required={true}
          />,
          <span
            className="icons fa fa-trash"
            data-index={undefined}
            data-name="Input One-undefined"
            id={1}
            onClick={undefined}
          />,
        ],
      },
      "ref": null,
      "rendered": Array [
        Object {
          "instance": null,
          "key": undefined,
          "nodeType": "host",
          "props": Object {
            "children": Array [
              " ",
              "Input One",
              " ",
              1,
            ],
          },
          "ref": null,
          "rendered": Array [
            " ",
            "Input One",
            " ",
            1,
          ],
          "type": "label",
        },
        Object {
          "instance": null,
          "key": undefined,
          "nodeType": "host",
          "props": Object {
            "className": "form-control",
            "data-index": undefined,
            "data-name": "Input One-undefined",
            "defaultValue": "Value",
            "id": 1,
            "name": "Input One",
            "onBlur": [MockFunction],
            "required": true,
          },
          "ref": null,
          "rendered": null,
          "type": "input",
        },
        Object {
          "instance": null,
          "key": undefined,
          "nodeType": "host",
          "props": Object {
            "className": "icons fa fa-trash",
            "data-index": undefined,
            "data-name": "Input One-undefined",
            "id": 1,
            "onClick": undefined,
          },
          "ref": null,
          "rendered": null,
          "type": "span",
        },
      ],
      "type": "fieldset",
    },
    "type": "div",
  },
  Symbol(enzyme.__nodes__): Array [
    Object {
      "instance": null,
      "key": undefined,
      "nodeType": "host",
      "props": Object {
        "children": <fieldset>
          <label>
             
            Input One
             
            1
          </label>
          <input
            className="form-control"
            data-index={undefined}
            data-name="Input One-undefined"
            defaultValue="Value"
            id={1}
            name="Input One"
            onBlur={[MockFunction]}
            required={true}
          />
          <span
            className="icons fa fa-trash"
            data-index={undefined}
            data-name="Input One-undefined"
            id={1}
            onClick={undefined}
          />
        </fieldset>,
      },
      "ref": null,
      "rendered": Object {
        "instance": null,
        "key": undefined,
        "nodeType": "host",
        "props": Object {
          "children": Array [
            <label>
               
              Input One
               
              1
            </label>,
            <input
              className="form-control"
              data-index={undefined}
              data-name="Input One-undefined"
              defaultValue="Value"
              id={1}
              name="Input One"
              onBlur={[MockFunction]}
              required={true}
            />,
            <span
              className="icons fa fa-trash"
              data-index={undefined}
              data-name="Input One-undefined"
              id={1}
              onClick={undefined}
            />,
          ],
        },
        "ref": null,
        "rendered": Array [
          Object {
            "instance": null,
            "key": undefined,
            "nodeType": "host",
            "props": Object {
              "children": Array [
                " ",
                "Input One",
                " ",
                1,
              ],
            },
            "ref": null,
            "rendered": Array [
              " ",
              "Input One",
              " ",
              1,
            ],
            "type": "label",
          },
          Object {
            "instance": null,
            "key": undefined,
            "nodeType": "host",
            "props": Object {
              "className": "form-control",
              "data-index": undefined,
              "data-name": "Input One-undefined",
              "defaultValue": "Value",
              "id": 1,
              "name": "Input One",
              "onBlur": [MockFunction],
              "required": true,
            },
            "ref": null,
            "rendered": null,
            "type": "input",
          },
          Object {
            "instance": null,
            "key": undefined,
            "nodeType": "host",
            "props": Object {
              "className": "icons fa fa-trash",
              "data-index": undefined,
              "data-name": "Input One-undefined",
              "id": 1,
              "onClick": undefined,
            },
            "ref": null,
            "rendered": null,
            "type": "span",
          },
        ],
        "type": "fieldset",
      },
      "type": "div",
    },
  ],
  Symbol(enzyme.__options__): Object {
    "adapter": ReactSixteenAdapter {
      "options": Object {
        "enableComponentDidUpdateOnSetState": true,
      },
    },
  },
}
`;
