// Jest Snapshot v1, https://goo.gl/fbAQLP

exports[`# NotFoundPage should render successfully 1`] = `
ShallowWrapper {
  "length": 1,
  Symbol(enzyme.__root__): [Circular],
  Symbol(enzyme.__unrendered__): <NotFoundPage />,
  Symbol(enzyme.__renderer__): Object {
    "batchedUpdates": [Function],
    "getNode": [Function],
    "render": [Function],
    "simulateEvent": [Function],
    "unmount": [Function],
  },
  Symbol(enzyme.__node__): Object {
    "instance": null,
    "key": undefined,
    "nodeType": "host",
    "props": Object {
      "children": <Exclamation>
        <p
          className="text-muted"
          style={
            Object {
              "fontSize": 20,
              "marginTop": 200,
            }
          }
        >
          404 Sorry Page Not Found 
          <Link
            replace={false}
            to="/"
          >
            Go Home
          </Link>
        </p>
      </Exclamation>,
    },
    "ref": null,
    "rendered": Object {
      "instance": null,
      "key": undefined,
      "nodeType": "function",
      "props": Object {
        "children": <p
          className="text-muted"
          style={
            Object {
              "fontSize": 20,
              "marginTop": 200,
            }
          }
        >
          404 Sorry Page Not Found 
          <Link
            replace={false}
            to="/"
          >
            Go Home
          </Link>
        </p>,
      },
      "ref": null,
      "rendered": Object {
        "instance": null,
        "key": undefined,
        "nodeType": "host",
        "props": Object {
          "children": Array [
            "404 Sorry Page Not Found ",
            <Link
              replace={false}
              to="/"
            >
              Go Home
            </Link>,
          ],
          "className": "text-muted",
          "style": Object {
            "fontSize": 20,
            "marginTop": 200,
          },
        },
        "ref": null,
        "rendered": Array [
          "404 Sorry Page Not Found ",
          Object {
            "instance": null,
            "key": undefined,
            "nodeType": "class",
            "props": Object {
              "children": "Go Home",
              "replace": false,
              "to": "/",
            },
            "ref": null,
            "rendered": "Go Home",
            "type": [Function],
          },
        ],
        "type": "p",
      },
      "type": [Function],
    },
    "type": "div",
  },
  Symbol(enzyme.__nodes__): Array [
    Object {
      "instance": null,
      "key": undefined,
      "nodeType": "host",
      "props": Object {
        "children": <Exclamation>
          <p
            className="text-muted"
            style={
              Object {
                "fontSize": 20,
                "marginTop": 200,
              }
            }
          >
            404 Sorry Page Not Found 
            <Link
              replace={false}
              to="/"
            >
              Go Home
            </Link>
          </p>
        </Exclamation>,
      },
      "ref": null,
      "rendered": Object {
        "instance": null,
        "key": undefined,
        "nodeType": "function",
        "props": Object {
          "children": <p
            className="text-muted"
            style={
              Object {
                "fontSize": 20,
                "marginTop": 200,
              }
            }
          >
            404 Sorry Page Not Found 
            <Link
              replace={false}
              to="/"
            >
              Go Home
            </Link>
          </p>,
        },
        "ref": null,
        "rendered": Object {
          "instance": null,
          "key": undefined,
          "nodeType": "host",
          "props": Object {
            "children": Array [
              "404 Sorry Page Not Found ",
              <Link
                replace={false}
                to="/"
              >
                Go Home
              </Link>,
            ],
            "className": "text-muted",
            "style": Object {
              "fontSize": 20,
              "marginTop": 200,
            },
          },
          "ref": null,
          "rendered": Array [
            "404 Sorry Page Not Found ",
            Object {
              "instance": null,
              "key": undefined,
              "nodeType": "class",
              "props": Object {
                "children": "Go Home",
                "replace": false,
                "to": "/",
              },
              "ref": null,
              "rendered": "Go Home",
              "type": [Function],
            },
          ],
          "type": "p",
        },
        "type": [Function],
      },
      "type": "div",
    },
  ],
  Symbol(enzyme.__options__): Object {
    "adapter": ReactSixteenAdapter {
      "options": Object {
        "enableComponentDidUpdateOnSetState": true,
      },
    },
  },
}
`;
