// Jest Snapshot v1, https://goo.gl/fbAQLP

exports[`# RecipeCard should render successfully 1`] = `
ShallowWrapper {
  "length": 1,
  Symbol(enzyme.__root__): [Circular],
  Symbol(enzyme.__unrendered__): <RecipeCard
    deleteRecipe={[MockFunction]}
    editRecipe={[MockFunction]}
    getFavouritedRecipesIds={[MockFunction]}
    history={
      Object {
        "location": Object {
          "pathname": "recipes",
        },
        "push": [MockFunction],
      }
    }
    isAuthenticated={true}
    myFavouriteRecipes={
      Array [
        Object {
          "description": "This is the decription",
          "downvotes": Array [
            1,
            2,
            4,
          ],
          "image": "This is the image",
          "name": "Amala",
          "upvotes": Array [
            1,
            2,
            4,
          ],
        },
      ]
    }
    pagination={1}
    recipe={
      Object {
        "description": "This is the decription",
        "downvotes": Array [
          1,
          2,
          4,
        ],
        "image": "This is the image",
        "name": "Amala",
        "upvotes": Array [
          1,
          2,
          4,
        ],
      }
    }
    toggleFavouriteRecipe={[MockFunction]}
    toggleThumbsDownRecipe={[MockFunction]}
    toggleThumbsUpRecipe={[MockFunction]}
    user={
      Object {
        "firstName": "Seun",
        "lastName": "Agbeye",
      }
    }
  />,
  Symbol(enzyme.__renderer__): Object {
    "batchedUpdates": [Function],
    "getNode": [Function],
    "render": [Function],
    "simulateEvent": [Function],
    "unmount": [Function],
  },
  Symbol(enzyme.__node__): Object {
    "instance": null,
    "key": undefined,
    "nodeType": "host",
    "props": Object {
      "children": Array [
        <div
          className="card recipe-card"
        >
          <img
            alt="Card image cap"
            className="card-img-top"
            src="This is the image"
          />
          <div
            className="container"
          >
            <div
              className="card-block"
            >
              <Link
                data-recipe-card-id="recipeundefined"
                replace={false}
                to="/recipe/undefined"
              >
                <h4
                  className="card-title"
                >
                  Amala
                </h4>
                <p
                  className="card-text"
                >
                  This is the decription
                </p>
              </Link>
              <RecipeCardActions
                isDownVoted={false}
                isFavorited={false}
                isUpVoted={false}
                recipe={
                  Object {
                    "description": "This is the decription",
                    "downvotes": Array [
                      1,
                      2,
                      4,
                    ],
                    "image": "This is the image",
                    "name": "Amala",
                    "upvotes": Array [
                      1,
                      2,
                      4,
                    ],
                  }
                }
                toggleFavouriteRecipe={[Function]}
                toggleThumbsDownRecipe={[Function]}
                toggleThumbsUpRecipe={[Function]}
                user={
                  Object {
                    "firstName": "Seun",
                    "lastName": "Agbeye",
                  }
                }
              />
            </div>
          </div>
        </div>,
        <EditModal
          editRecipe={[Function]}
          id={undefined}
          recipe={
            Object {
              "description": "This is the decription",
              "downvotes": Array [
                1,
                2,
                4,
              ],
              "image": "This is the image",
              "name": "Amala",
              "upvotes": Array [
                1,
                2,
                4,
              ],
            }
          }
        />,
        <DeleteModal
          id={undefined}
          onDelete={[Function]}
        />,
      ],
      "className": "col-xs-12 col-sm-12 col-md-6 col-lg-3 my-card",
    },
    "ref": null,
    "rendered": Array [
      Object {
        "instance": null,
        "key": undefined,
        "nodeType": "host",
        "props": Object {
          "children": Array [
            <img
              alt="Card image cap"
              className="card-img-top"
              src="This is the image"
            />,
            <div
              className="container"
            >
              <div
                className="card-block"
              >
                <Link
                  data-recipe-card-id="recipeundefined"
                  replace={false}
                  to="/recipe/undefined"
                >
                  <h4
                    className="card-title"
                  >
                    Amala
                  </h4>
                  <p
                    className="card-text"
                  >
                    This is the decription
                  </p>
                </Link>
                <RecipeCardActions
                  isDownVoted={false}
                  isFavorited={false}
                  isUpVoted={false}
                  recipe={
                    Object {
                      "description": "This is the decription",
                      "downvotes": Array [
                        1,
                        2,
                        4,
                      ],
                      "image": "This is the image",
                      "name": "Amala",
                      "upvotes": Array [
                        1,
                        2,
                        4,
                      ],
                    }
                  }
                  toggleFavouriteRecipe={[Function]}
                  toggleThumbsDownRecipe={[Function]}
                  toggleThumbsUpRecipe={[Function]}
                  user={
                    Object {
                      "firstName": "Seun",
                      "lastName": "Agbeye",
                    }
                  }
                />
              </div>
            </div>,
          ],
          "className": "card recipe-card",
        },
        "ref": null,
        "rendered": Array [
          Object {
            "instance": null,
            "key": undefined,
            "nodeType": "host",
            "props": Object {
              "alt": "Card image cap",
              "className": "card-img-top",
              "src": "This is the image",
            },
            "ref": null,
            "rendered": null,
            "type": "img",
          },
          Object {
            "instance": null,
            "key": undefined,
            "nodeType": "host",
            "props": Object {
              "children": <div
                className="card-block"
              >
                <Link
                  data-recipe-card-id="recipeundefined"
                  replace={false}
                  to="/recipe/undefined"
                >
                  <h4
                    className="card-title"
                  >
                    Amala
                  </h4>
                  <p
                    className="card-text"
                  >
                    This is the decription
                  </p>
                </Link>
                <RecipeCardActions
                  isDownVoted={false}
                  isFavorited={false}
                  isUpVoted={false}
                  recipe={
                    Object {
                      "description": "This is the decription",
                      "downvotes": Array [
                        1,
                        2,
                        4,
                      ],
                      "image": "This is the image",
                      "name": "Amala",
                      "upvotes": Array [
                        1,
                        2,
                        4,
                      ],
                    }
                  }
                  toggleFavouriteRecipe={[Function]}
                  toggleThumbsDownRecipe={[Function]}
                  toggleThumbsUpRecipe={[Function]}
                  user={
                    Object {
                      "firstName": "Seun",
                      "lastName": "Agbeye",
                    }
                  }
                />
              </div>,
              "className": "container",
            },
            "ref": null,
            "rendered": Object {
              "instance": null,
              "key": undefined,
              "nodeType": "host",
              "props": Object {
                "children": Array [
                  <Link
                    data-recipe-card-id="recipeundefined"
                    replace={false}
                    to="/recipe/undefined"
                  >
                    <h4
                      className="card-title"
                    >
                      Amala
                    </h4>
                    <p
                      className="card-text"
                    >
                      This is the decription
                    </p>
                  </Link>,
                  <RecipeCardActions
                    isDownVoted={false}
                    isFavorited={false}
                    isUpVoted={false}
                    recipe={
                      Object {
                        "description": "This is the decription",
                        "downvotes": Array [
                          1,
                          2,
                          4,
                        ],
                        "image": "This is the image",
                        "name": "Amala",
                        "upvotes": Array [
                          1,
                          2,
                          4,
                        ],
                      }
                    }
                    toggleFavouriteRecipe={[Function]}
                    toggleThumbsDownRecipe={[Function]}
                    toggleThumbsUpRecipe={[Function]}
                    user={
                      Object {
                        "firstName": "Seun",
                        "lastName": "Agbeye",
                      }
                    }
                  />,
                ],
                "className": "card-block",
              },
              "ref": null,
              "rendered": Array [
                Object {
                  "instance": null,
                  "key": undefined,
                  "nodeType": "class",
                  "props": Object {
                    "children": Array [
                      <h4
                        className="card-title"
                      >
                        Amala
                      </h4>,
                      <p
                        className="card-text"
                      >
                        This is the decription
                      </p>,
                    ],
                    "data-recipe-card-id": "recipeundefined",
                    "replace": false,
                    "to": "/recipe/undefined",
                  },
                  "ref": null,
                  "rendered": Array [
                    Object {
                      "instance": null,
                      "key": undefined,
                      "nodeType": "host",
                      "props": Object {
                        "children": "Amala",
                        "className": "card-title",
                      },
                      "ref": null,
                      "rendered": "Amala",
                      "type": "h4",
                    },
                    Object {
                      "instance": null,
                      "key": undefined,
                      "nodeType": "host",
                      "props": Object {
                        "children": "This is the decription",
                        "className": "card-text",
                      },
                      "ref": null,
                      "rendered": "This is the decription",
                      "type": "p",
                    },
                  ],
                  "type": [Function],
                },
                Object {
                  "instance": null,
                  "key": undefined,
                  "nodeType": "function",
                  "props": Object {
                    "isDownVoted": false,
                    "isFavorited": false,
                    "isUpVoted": false,
                    "recipe": Object {
                      "description": "This is the decription",
                      "downvotes": Array [
                        1,
                        2,
                        4,
                      ],
                      "image": "This is the image",
                      "name": "Amala",
                      "upvotes": Array [
                        1,
                        2,
                        4,
                      ],
                    },
                    "toggleFavouriteRecipe": [Function],
                    "toggleThumbsDownRecipe": [Function],
                    "toggleThumbsUpRecipe": [Function],
                    "user": Object {
                      "firstName": "Seun",
                      "lastName": "Agbeye",
                    },
                  },
                  "ref": null,
                  "rendered": null,
                  "type": [Function],
                },
              ],
              "type": "div",
            },
            "type": "div",
          },
        ],
        "type": "div",
      },
      Object {
        "instance": null,
        "key": undefined,
        "nodeType": "class",
        "props": Object {
          "editRecipe": [Function],
          "id": undefined,
          "recipe": Object {
            "description": "This is the decription",
            "downvotes": Array [
              1,
              2,
              4,
            ],
            "image": "This is the image",
            "name": "Amala",
            "upvotes": Array [
              1,
              2,
              4,
            ],
          },
        },
        "ref": null,
        "rendered": null,
        "type": [Function],
      },
      Object {
        "instance": null,
        "key": undefined,
        "nodeType": "function",
        "props": Object {
          "id": undefined,
          "onDelete": [Function],
        },
        "ref": null,
        "rendered": null,
        "type": [Function],
      },
    ],
    "type": "div",
  },
  Symbol(enzyme.__nodes__): Array [
    Object {
      "instance": null,
      "key": undefined,
      "nodeType": "host",
      "props": Object {
        "children": Array [
          <div
            className="card recipe-card"
          >
            <img
              alt="Card image cap"
              className="card-img-top"
              src="This is the image"
            />
            <div
              className="container"
            >
              <div
                className="card-block"
              >
                <Link
                  data-recipe-card-id="recipeundefined"
                  replace={false}
                  to="/recipe/undefined"
                >
                  <h4
                    className="card-title"
                  >
                    Amala
                  </h4>
                  <p
                    className="card-text"
                  >
                    This is the decription
                  </p>
                </Link>
                <RecipeCardActions
                  isDownVoted={false}
                  isFavorited={false}
                  isUpVoted={false}
                  recipe={
                    Object {
                      "description": "This is the decription",
                      "downvotes": Array [
                        1,
                        2,
                        4,
                      ],
                      "image": "This is the image",
                      "name": "Amala",
                      "upvotes": Array [
                        1,
                        2,
                        4,
                      ],
                    }
                  }
                  toggleFavouriteRecipe={[Function]}
                  toggleThumbsDownRecipe={[Function]}
                  toggleThumbsUpRecipe={[Function]}
                  user={
                    Object {
                      "firstName": "Seun",
                      "lastName": "Agbeye",
                    }
                  }
                />
              </div>
            </div>
          </div>,
          <EditModal
            editRecipe={[Function]}
            id={undefined}
            recipe={
              Object {
                "description": "This is the decription",
                "downvotes": Array [
                  1,
                  2,
                  4,
                ],
                "image": "This is the image",
                "name": "Amala",
                "upvotes": Array [
                  1,
                  2,
                  4,
                ],
              }
            }
          />,
          <DeleteModal
            id={undefined}
            onDelete={[Function]}
          />,
        ],
        "className": "col-xs-12 col-sm-12 col-md-6 col-lg-3 my-card",
      },
      "ref": null,
      "rendered": Array [
        Object {
          "instance": null,
          "key": undefined,
          "nodeType": "host",
          "props": Object {
            "children": Array [
              <img
                alt="Card image cap"
                className="card-img-top"
                src="This is the image"
              />,
              <div
                className="container"
              >
                <div
                  className="card-block"
                >
                  <Link
                    data-recipe-card-id="recipeundefined"
                    replace={false}
                    to="/recipe/undefined"
                  >
                    <h4
                      className="card-title"
                    >
                      Amala
                    </h4>
                    <p
                      className="card-text"
                    >
                      This is the decription
                    </p>
                  </Link>
                  <RecipeCardActions
                    isDownVoted={false}
                    isFavorited={false}
                    isUpVoted={false}
                    recipe={
                      Object {
                        "description": "This is the decription",
                        "downvotes": Array [
                          1,
                          2,
                          4,
                        ],
                        "image": "This is the image",
                        "name": "Amala",
                        "upvotes": Array [
                          1,
                          2,
                          4,
                        ],
                      }
                    }
                    toggleFavouriteRecipe={[Function]}
                    toggleThumbsDownRecipe={[Function]}
                    toggleThumbsUpRecipe={[Function]}
                    user={
                      Object {
                        "firstName": "Seun",
                        "lastName": "Agbeye",
                      }
                    }
                  />
                </div>
              </div>,
            ],
            "className": "card recipe-card",
          },
          "ref": null,
          "rendered": Array [
            Object {
              "instance": null,
              "key": undefined,
              "nodeType": "host",
              "props": Object {
                "alt": "Card image cap",
                "className": "card-img-top",
                "src": "This is the image",
              },
              "ref": null,
              "rendered": null,
              "type": "img",
            },
            Object {
              "instance": null,
              "key": undefined,
              "nodeType": "host",
              "props": Object {
                "children": <div
                  className="card-block"
                >
                  <Link
                    data-recipe-card-id="recipeundefined"
                    replace={false}
                    to="/recipe/undefined"
                  >
                    <h4
                      className="card-title"
                    >
                      Amala
                    </h4>
                    <p
                      className="card-text"
                    >
                      This is the decription
                    </p>
                  </Link>
                  <RecipeCardActions
                    isDownVoted={false}
                    isFavorited={false}
                    isUpVoted={false}
                    recipe={
                      Object {
                        "description": "This is the decription",
                        "downvotes": Array [
                          1,
                          2,
                          4,
                        ],
                        "image": "This is the image",
                        "name": "Amala",
                        "upvotes": Array [
                          1,
                          2,
                          4,
                        ],
                      }
                    }
                    toggleFavouriteRecipe={[Function]}
                    toggleThumbsDownRecipe={[Function]}
                    toggleThumbsUpRecipe={[Function]}
                    user={
                      Object {
                        "firstName": "Seun",
                        "lastName": "Agbeye",
                      }
                    }
                  />
                </div>,
                "className": "container",
              },
              "ref": null,
              "rendered": Object {
                "instance": null,
                "key": undefined,
                "nodeType": "host",
                "props": Object {
                  "children": Array [
                    <Link
                      data-recipe-card-id="recipeundefined"
                      replace={false}
                      to="/recipe/undefined"
                    >
                      <h4
                        className="card-title"
                      >
                        Amala
                      </h4>
                      <p
                        className="card-text"
                      >
                        This is the decription
                      </p>
                    </Link>,
                    <RecipeCardActions
                      isDownVoted={false}
                      isFavorited={false}
                      isUpVoted={false}
                      recipe={
                        Object {
                          "description": "This is the decription",
                          "downvotes": Array [
                            1,
                            2,
                            4,
                          ],
                          "image": "This is the image",
                          "name": "Amala",
                          "upvotes": Array [
                            1,
                            2,
                            4,
                          ],
                        }
                      }
                      toggleFavouriteRecipe={[Function]}
                      toggleThumbsDownRecipe={[Function]}
                      toggleThumbsUpRecipe={[Function]}
                      user={
                        Object {
                          "firstName": "Seun",
                          "lastName": "Agbeye",
                        }
                      }
                    />,
                  ],
                  "className": "card-block",
                },
                "ref": null,
                "rendered": Array [
                  Object {
                    "instance": null,
                    "key": undefined,
                    "nodeType": "class",
                    "props": Object {
                      "children": Array [
                        <h4
                          className="card-title"
                        >
                          Amala
                        </h4>,
                        <p
                          className="card-text"
                        >
                          This is the decription
                        </p>,
                      ],
                      "data-recipe-card-id": "recipeundefined",
                      "replace": false,
                      "to": "/recipe/undefined",
                    },
                    "ref": null,
                    "rendered": Array [
                      Object {
                        "instance": null,
                        "key": undefined,
                        "nodeType": "host",
                        "props": Object {
                          "children": "Amala",
                          "className": "card-title",
                        },
                        "ref": null,
                        "rendered": "Amala",
                        "type": "h4",
                      },
                      Object {
                        "instance": null,
                        "key": undefined,
                        "nodeType": "host",
                        "props": Object {
                          "children": "This is the decription",
                          "className": "card-text",
                        },
                        "ref": null,
                        "rendered": "This is the decription",
                        "type": "p",
                      },
                    ],
                    "type": [Function],
                  },
                  Object {
                    "instance": null,
                    "key": undefined,
                    "nodeType": "function",
                    "props": Object {
                      "isDownVoted": false,
                      "isFavorited": false,
                      "isUpVoted": false,
                      "recipe": Object {
                        "description": "This is the decription",
                        "downvotes": Array [
                          1,
                          2,
                          4,
                        ],
                        "image": "This is the image",
                        "name": "Amala",
                        "upvotes": Array [
                          1,
                          2,
                          4,
                        ],
                      },
                      "toggleFavouriteRecipe": [Function],
                      "toggleThumbsDownRecipe": [Function],
                      "toggleThumbsUpRecipe": [Function],
                      "user": Object {
                        "firstName": "Seun",
                        "lastName": "Agbeye",
                      },
                    },
                    "ref": null,
                    "rendered": null,
                    "type": [Function],
                  },
                ],
                "type": "div",
              },
              "type": "div",
            },
          ],
          "type": "div",
        },
        Object {
          "instance": null,
          "key": undefined,
          "nodeType": "class",
          "props": Object {
            "editRecipe": [Function],
            "id": undefined,
            "recipe": Object {
              "description": "This is the decription",
              "downvotes": Array [
                1,
                2,
                4,
              ],
              "image": "This is the image",
              "name": "Amala",
              "upvotes": Array [
                1,
                2,
                4,
              ],
            },
          },
          "ref": null,
          "rendered": null,
          "type": [Function],
        },
        Object {
          "instance": null,
          "key": undefined,
          "nodeType": "function",
          "props": Object {
            "id": undefined,
            "onDelete": [Function],
          },
          "ref": null,
          "rendered": null,
          "type": [Function],
        },
      ],
      "type": "div",
    },
  ],
  Symbol(enzyme.__options__): Object {
    "adapter": ReactSixteenAdapter {
      "options": Object {
        "enableComponentDidUpdateOnSetState": true,
      },
    },
  },
}
`;
